// Jest Snapshot v1, https://goo.gl/fbAQLP

exports[`Pruebas en el componente <HelooWorldApp /> debe de hacer match con el snapshot 1`] = `
<div>
  <div
    data-testid="test-title"
  >
    Hola Mundo
  </div>
  <p>
     
    No hay subtitulo
  </p>
  <p>
     
    Trunks
  </p>
</div>
`;
